// Jest Snapshot v1, https://goo.gl/fbAQLP

exports[`Game matches the snapshot 1`] = `""`;
