// Jest Snapshot v1, https://goo.gl/fbAQLP

exports[`Home matches the snapshot 1`] = `"<div><div class=\\"title mt-5\\">Welcome to the Trivia Quiz!</div><div class=\\"description mt-3\\">Compete with other players to see who can correctly answer the most questions.</div><div class=\\"description mt-3\\">Find a game below!</div><div><button type=\\"button\\" class=\\"first-button mt-5 btn btn-success btn-lg\\">Find a Game</button><button type=\\"button\\" class=\\" mt-5 btn btn-success btn-lg\\">Solo Game</button></div><ul class=\\"rules mt-5 mx-3 d-flex\\"><li>When the game begins, you will have 12 seconds to answer a multiple choice question.</li><li>After submitting your answer the correct answer will be displayed in <span class=\\"green\\">green</span>.</li></ul></div>"`;
